******************************************************************************
             TMS320C2000 Linker PC v22.6.0                     
******************************************************************************
>> Linked Mon Dec 12 10:22:49 2022

OUTPUT FILE NAME:   <blinky_dc_cpu01.out>
ENTRY POINT SYMBOL: "_c_int00"  address: 00080d0d


MEMORY CONFIGURATION

         name            origin    length      used     unused   attr    fill
----------------------  --------  ---------  --------  --------  ----  --------
PAGE 0:
  RAMM0                 00000123   000002dd  00000000  000002dd  RWIX
  RAMLS05               00008000   00003000  0000003b  00002fc5  RWIX
  BEGIN                 00080000   00000002  00000002  00000000  RWIX
  FLASHA                00080002   00001ffe  000010a3  00000f5b  RWIX
  FLASHB                00082000   00002000  00000000  00002000  RWIX
  FLASHC                00084000   00002000  00000000  00002000  RWIX
  FLASHD                00086000   00002000  00000000  00002000  RWIX
  FLASHE                00088000   00008000  00000000  00008000  RWIX
  FLASHF                00090000   00008000  00000000  00008000  RWIX
  FLASHG                00098000   00008000  00000000  00008000  RWIX
  FLASHH                000a0000   00008000  00000000  00008000  RWIX
  FLASHI                000a8000   00008000  00000000  00008000  RWIX
  FLASHJ                000b0000   00008000  00000000  00008000  RWIX
  FLASHK                000b8000   00002000  00000000  00002000  RWIX
  FLASHL                000ba000   00002000  00000000  00002000  RWIX
  FLASHM                000bc000   00002000  00000000  00002000  RWIX
  FLASHN                000be000   00001ff0  00000000  00001ff0  RWIX
  RESET                 003fffc0   00000002  00000000  00000002  RWIX

PAGE 1:
  BOOT_RSVD             00000002   00000121  00000000  00000121  RWIX
  RAMM1                 00000400   000003f8  00000000  000003f8  RWIX
  ADCARESULT            00000b00   00000018  00000018  00000000  RWIX
  ADCBRESULT            00000b20   00000018  00000018  00000000  RWIX
  ADCCRESULT            00000b40   00000018  00000018  00000000  RWIX
  ADCDRESULT            00000b60   00000018  00000018  00000000  RWIX
  CPUTIMER0             00000c00   00000008  00000008  00000000  RWIX
  CPUTIMER1             00000c08   00000008  00000008  00000000  RWIX
  CPUTIMER2             00000c10   00000008  00000008  00000000  RWIX
  PIECTRL               00000ce0   0000001a  0000001a  00000000  RWIX
  PIEVECTTABLE          00000d00   00000200  000001c0  00000040  RWIX
  DMA                   00001000   00000200  000000e0  00000120  RWIX
  CLA1                  00001400   00000080  0000003e  00000042  RWIX
  CLB1LOGICCFG          00003000   00000052  0000003e  00000014  RWIX
  CLB1LOGICCTRL         00003100   00000040  00000040  00000000  RWIX
  CLB1DATAEXCH          00003200   00000200  00000108  000000f8  RWIX
  CLB2LOGICCFG          00003400   00000052  0000003e  00000014  RWIX
  CLB2LOGICCTRL         00003500   00000040  00000040  00000000  RWIX
  CLB2DATAEXCH          00003600   00000200  00000108  000000f8  RWIX
  CLB3LOGICCFG          00003800   00000052  0000003e  00000014  RWIX
  CLB3LOGICCTRL         00003900   00000040  00000040  00000000  RWIX
  CLB3DATAEXCH          00003a00   00000200  00000108  000000f8  RWIX
  CLB4LOGICCFG          00003c00   00000052  0000003e  00000014  RWIX
  CLB4LOGICCTRL         00003d00   00000040  00000040  00000000  RWIX
  CLB4DATAEXCH          00003e00   00000200  00000108  000000f8  RWIX
  EPWM1                 00004000   00000100  00000100  00000000  RWIX
  EPWM2                 00004100   00000100  00000100  00000000  RWIX
  EPWM3                 00004200   00000100  00000100  00000000  RWIX
  EPWM4                 00004300   00000100  00000100  00000000  RWIX
  EPWM5                 00004400   00000100  00000100  00000000  RWIX
  EPWM6                 00004500   00000100  00000100  00000000  RWIX
  EPWM7                 00004600   00000100  00000100  00000000  RWIX
  EPWM8                 00004700   00000100  00000100  00000000  RWIX
  EPWM9                 00004800   00000100  00000100  00000000  RWIX
  EPWM10                00004900   00000100  00000100  00000000  RWIX
  EPWM11                00004a00   00000100  00000100  00000000  RWIX
  EPWM12                00004b00   00000100  00000100  00000000  RWIX
  ECAP1                 00005000   00000020  0000001a  00000006  RWIX
  ECAP2                 00005020   00000020  0000001a  00000006  RWIX
  ECAP3                 00005040   00000020  0000001a  00000006  RWIX
  ECAP4                 00005060   00000020  0000001a  00000006  RWIX
  ECAP5                 00005080   00000020  0000001a  00000006  RWIX
  ECAP6                 000050a0   00000020  0000001a  00000006  RWIX
  EQEP1                 00005100   00000022  00000022  00000000  RWIX
  EQEP2                 00005140   00000022  00000022  00000000  RWIX
  EQEP3                 00005180   00000022  00000022  00000000  RWIX
  DACA                  00005c00   00000008  00000007  00000001  RWIX
  DACB                  00005c10   00000008  00000007  00000001  RWIX
  DACC                  00005c20   00000008  00000007  00000001  RWIX
  CMPSS1                00005c80   00000020  0000001b  00000005  RWIX
  CMPSS2                00005ca0   00000020  0000001b  00000005  RWIX
  CMPSS3                00005cc0   00000020  0000001b  00000005  RWIX
  CMPSS4                00005ce0   00000020  0000001b  00000005  RWIX
  CMPSS5                00005d00   00000020  0000001b  00000005  RWIX
  CMPSS6                00005d20   00000020  0000001b  00000005  RWIX
  CMPSS7                00005d40   00000020  0000001b  00000005  RWIX
  CMPSS8                00005d60   00000020  0000001b  00000005  RWIX
  SDFM1                 00005e00   00000080  00000048  00000038  RWIX
  SDFM2                 00005e80   00000080  00000048  00000038  RWIX
  MCBSPA                00006000   00000024  00000024  00000000  RWIX
  MCBSPB                00006040   00000024  00000024  00000000  RWIX
  SPIA                  00006100   00000010  00000010  00000000  RWIX
  SPIB                  00006110   00000010  00000010  00000000  RWIX
  SPIC                  00006120   00000010  00000010  00000000  RWIX
  UPP                   00006200   00000048  00000048  00000000  RWIX
  WD                    00007000   0000002b  0000002b  00000000  RWIX
  NMIINTRUPT            00007060   00000007  00000007  00000000  RWIX
  XINT                  00007070   0000000b  0000000b  00000000  RWIX
  SCIA                  00007200   00000010  00000010  00000000  RWIX
  SCIB                  00007210   00000010  00000010  00000000  RWIX
  SCIC                  00007220   00000010  00000010  00000000  RWIX
  SCID                  00007230   00000010  00000010  00000000  RWIX
  I2CA                  00007300   00000022  00000022  00000000  RWIX
  I2CB                  00007340   00000022  00000022  00000000  RWIX
  ADCA                  00007400   00000080  0000007c  00000004  RWIX
  ADCB                  00007480   00000080  0000007c  00000004  RWIX
  ADCC                  00007500   00000080  0000007c  00000004  RWIX
  ADCD                  00007580   00000080  0000007c  00000004  RWIX
  INPUTXBAR             00007900   00000020  00000020  00000000  RWIX
  XBAR                  00007920   00000020  0000000e  00000012  RWIX
  SYNCSOC               00007940   00000006  00000006  00000000  RWIX
  DMACLASRCSEL          00007980   0000001a  0000001a  00000000  RWIX
  EPWMXBAR              00007a00   00000040  00000040  00000000  RWIX
  CLBXBAR               00007a40   00000040  00000040  00000000  RWIX
  OUTPUTXBAR            00007a80   00000040  00000040  00000000  RWIX
  GPIOCTRL              00007c00   00000180  00000180  00000000  RWIX
  GPIODATA              00007f00   00000030  00000030  00000000  RWIX
  RAMD01                0000b000   00001000  000003f8  00000c08  RWIX
  RAMGS015              0000c000   0000fff8  0000000a  0000ffee  RWIX
  CPU2TOCPU1RAM         0003f800   00000400  00000000  00000400  RWIX
  CPU1TOCPU2RAM         0003fc00   00000400  00000000  00000400  RWIX
  EMIF1                 00047000   00000070  00000028  00000048  RWIX
  EMIF2                 00047800   00000070  00000028  00000048  RWIX
  CANA                  00048000   00000200  00000164  0000009c  RWIX
  CANB                  0004a000   00000200  00000164  0000009c  RWIX
  IPC                   00050000   00000024  00000024  00000000  RWIX
  FLASHPUMPSEMAPHORE    00050024   00000002  00000002  00000000  RWIX
  DEVCFG                0005d000   0000012e  0000012e  00000000  RWIX
  ANALOGSUBSYS          0005d180   00000048  0000003e  0000000a  RWIX
  CLKCFG                0005d200   00000032  00000032  00000000  RWIX
  CPUSYS                0005d300   00000082  00000082  00000000  RWIX
  ROMPREFETCH           0005e608   00000002  00000002  00000000  RWIX
  DCSMZ1                0005f000   00000024  00000022  00000002  RWIX
  DCSMZ2                0005f040   00000024  00000022  00000002  RWIX
  DCSMCOMMON            0005f070   00000008  00000006  00000002  RWIX
  MEMCFG                0005f400   00000080  00000076  0000000a  RWIX
  EMIF1CONFIG           0005f480   00000020  0000000a  00000016  RWIX
  EMIF2CONFIG           0005f4a0   00000020  0000000a  00000016  RWIX
  ACCESSPROTECTION      0005f4c0   00000040  0000002e  00000012  RWIX
  MEMORYERROR           0005f500   00000040  0000003a  00000006  RWIX
  ROMWAITSTATE          0005f540   00000002  00000002  00000000  RWIX
  FLASH0CTRL            0005f800   00000182  00000182  00000000  RWIX
  FLASH0ECC             0005fb00   00000028  00000028  00000000  RWIX


SECTION ALLOCATION MAP

 output                                  attributes/
section   page    origin      length       input sections
--------  ----  ----------  ----------   ----------------
codestart 
*          0    00080000    00000002     
                  00080000    00000002     F2837xD_CodeStartBranch.obj (codestart)

.cinit     0    00081098    0000001a     
                  00081098    0000000e     rts2800_fpu32.lib : exit.c.obj (.cinit)
                  000810a6    00000005                       : _lock.c.obj (.cinit:__lock)
                  000810ab    00000005                       : _lock.c.obj (.cinit:__unlock)
                  000810b0    00000002     --HOLE-- [fill = 0]

.stack     1    0000b000    000003f8     UNINITIALIZED
                  0000b000    000003f8     --HOLE--

.reset     0    003fffc0    00000002     DSECT
                  003fffc0    00000002     rts2800_fpu32.lib : boot28.asm.obj (.reset)

.pinit     0    00080008    00000000     UNINITIALIZED

.econst    0    00080e98    000001c0     
                  00080e98    000001c0     F2837xD_PieVect.obj (.econst:_PieVectTableInit)

.TI.ramfunc 
*          0    00081058    0000003b     RUN ADDR = 00008000
                  00081058    00000037     F2837xD_SysCtrl.obj (.TI.ramfunc)
                  0008108f    00000004     F2837xD_usDelay.obj (.TI.ramfunc)

GETBUFFER 
*          0    0003f800    00000000     DSECT

GETWRITEIDX 
*          0    0003f800    00000000     DSECT

PUTREADIDX 
*          0    0003f800    00000000     DSECT

AdcaResultRegsFile 
*          1    00000b00    00000018     UNINITIALIZED
                  00000b00    00000018     F2837xD_GlobalVariableDefs.obj (AdcaResultRegsFile)

AdcbResultRegsFile 
*          1    00000b20    00000018     UNINITIALIZED
                  00000b20    00000018     F2837xD_GlobalVariableDefs.obj (AdcbResultRegsFile)

AdccResultRegsFile 
*          1    00000b40    00000018     UNINITIALIZED
                  00000b40    00000018     F2837xD_GlobalVariableDefs.obj (AdccResultRegsFile)

AdcdResultRegsFile 
*          1    00000b60    00000018     UNINITIALIZED
                  00000b60    00000018     F2837xD_GlobalVariableDefs.obj (AdcdResultRegsFile)

CpuTimer0RegsFile 
*          1    00000c00    00000008     UNINITIALIZED
                  00000c00    00000008     F2837xD_GlobalVariableDefs.obj (CpuTimer0RegsFile)

CpuTimer1RegsFile 
*          1    00000c08    00000008     UNINITIALIZED
                  00000c08    00000008     F2837xD_GlobalVariableDefs.obj (CpuTimer1RegsFile)

CpuTimer2RegsFile 
*          1    00000c10    00000008     UNINITIALIZED
                  00000c10    00000008     F2837xD_GlobalVariableDefs.obj (CpuTimer2RegsFile)

PieCtrlRegsFile 
*          1    00000ce0    0000001a     UNINITIALIZED
                  00000ce0    0000001a     F2837xD_GlobalVariableDefs.obj (PieCtrlRegsFile)

PieVectTableFile 
*          1    00000d00    000001c0     UNINITIALIZED
                  00000d00    000001c0     F2837xD_GlobalVariableDefs.obj (PieVectTableFile)

EmuKeyVar 
*          1    00000d00    00000000     UNINITIALIZED

EmuBModeVar 
*          1    00000d00    00000000     UNINITIALIZED

EmuBootPinsVar 
*          1    00000d00    00000000     UNINITIALIZED

FlashCallbackVar 
*          1    00000d00    00000000     UNINITIALIZED

FlashScalingVar 
*          1    00000d00    00000000     UNINITIALIZED

DmaRegsFile 
*          1    00001000    000000e0     UNINITIALIZED
                  00001000    000000e0     F2837xD_GlobalVariableDefs.obj (DmaRegsFile)

Cla1RegsFile 
*          1    00001400    0000003e     UNINITIALIZED
                  00001400    0000003e     F2837xD_GlobalVariableDefs.obj (Cla1RegsFile)

Clb1LogicCfgRegsFile 
*          1    00003000    0000003e     UNINITIALIZED
                  00003000    0000003e     F2837xD_GlobalVariableDefs.obj (Clb1LogicCfgRegsFile)

Clb1LogicCtrlRegsFile 
*          1    00003100    00000040     UNINITIALIZED
                  00003100    00000040     F2837xD_GlobalVariableDefs.obj (Clb1LogicCtrlRegsFile)

Clb1DataExchRegsFile 
*          1    00003200    00000108     UNINITIALIZED
                  00003200    00000108     F2837xD_GlobalVariableDefs.obj (Clb1DataExchRegsFile)

Clb2LogicCfgRegsFile 
*          1    00003400    0000003e     UNINITIALIZED
                  00003400    0000003e     F2837xD_GlobalVariableDefs.obj (Clb2LogicCfgRegsFile)

Clb2LogicCtrlRegsFile 
*          1    00003500    00000040     UNINITIALIZED
                  00003500    00000040     F2837xD_GlobalVariableDefs.obj (Clb2LogicCtrlRegsFile)

Clb2DataExchRegsFile 
*          1    00003600    00000108     UNINITIALIZED
                  00003600    00000108     F2837xD_GlobalVariableDefs.obj (Clb2DataExchRegsFile)

Clb3LogicCfgRegsFile 
*          1    00003800    0000003e     UNINITIALIZED
                  00003800    0000003e     F2837xD_GlobalVariableDefs.obj (Clb3LogicCfgRegsFile)

Clb3LogicCtrlRegsFile 
*          1    00003900    00000040     UNINITIALIZED
                  00003900    00000040     F2837xD_GlobalVariableDefs.obj (Clb3LogicCtrlRegsFile)

Clb3DataExchRegsFile 
*          1    00003a00    00000108     UNINITIALIZED
                  00003a00    00000108     F2837xD_GlobalVariableDefs.obj (Clb3DataExchRegsFile)

Clb4LogicCfgRegsFile 
*          1    00003c00    0000003e     UNINITIALIZED
                  00003c00    0000003e     F2837xD_GlobalVariableDefs.obj (Clb4LogicCfgRegsFile)

Clb4LogicCtrlRegsFile 
*          1    00003d00    00000040     UNINITIALIZED
                  00003d00    00000040     F2837xD_GlobalVariableDefs.obj (Clb4LogicCtrlRegsFile)

Clb4DataExchRegsFile 
*          1    00003e00    00000108     UNINITIALIZED
                  00003e00    00000108     F2837xD_GlobalVariableDefs.obj (Clb4DataExchRegsFile)

EPwm1RegsFile 
*          1    00004000    00000100     UNINITIALIZED
                  00004000    00000100     F2837xD_GlobalVariableDefs.obj (EPwm1RegsFile)

EPwm2RegsFile 
*          1    00004100    00000100     UNINITIALIZED
                  00004100    00000100     F2837xD_GlobalVariableDefs.obj (EPwm2RegsFile)

EPwm3RegsFile 
*          1    00004200    00000100     UNINITIALIZED
                  00004200    00000100     F2837xD_GlobalVariableDefs.obj (EPwm3RegsFile)

EPwm4RegsFile 
*          1    00004300    00000100     UNINITIALIZED
                  00004300    00000100     F2837xD_GlobalVariableDefs.obj (EPwm4RegsFile)

EPwm5RegsFile 
*          1    00004400    00000100     UNINITIALIZED
                  00004400    00000100     F2837xD_GlobalVariableDefs.obj (EPwm5RegsFile)

EPwm6RegsFile 
*          1    00004500    00000100     UNINITIALIZED
                  00004500    00000100     F2837xD_GlobalVariableDefs.obj (EPwm6RegsFile)

EPwm7RegsFile 
*          1    00004600    00000100     UNINITIALIZED
                  00004600    00000100     F2837xD_GlobalVariableDefs.obj (EPwm7RegsFile)

EPwm8RegsFile 
*          1    00004700    00000100     UNINITIALIZED
                  00004700    00000100     F2837xD_GlobalVariableDefs.obj (EPwm8RegsFile)

EPwm9RegsFile 
*          1    00004800    00000100     UNINITIALIZED
                  00004800    00000100     F2837xD_GlobalVariableDefs.obj (EPwm9RegsFile)

EPwm10RegsFile 
*          1    00004900    00000100     UNINITIALIZED
                  00004900    00000100     F2837xD_GlobalVariableDefs.obj (EPwm10RegsFile)

EPwm11RegsFile 
*          1    00004a00    00000100     UNINITIALIZED
                  00004a00    00000100     F2837xD_GlobalVariableDefs.obj (EPwm11RegsFile)

EPwm12RegsFile 
*          1    00004b00    00000100     UNINITIALIZED
                  00004b00    00000100     F2837xD_GlobalVariableDefs.obj (EPwm12RegsFile)

ECap1RegsFile 
*          1    00005000    0000001a     UNINITIALIZED
                  00005000    0000001a     F2837xD_GlobalVariableDefs.obj (ECap1RegsFile)

ECap2RegsFile 
*          1    00005020    0000001a     UNINITIALIZED
                  00005020    0000001a     F2837xD_GlobalVariableDefs.obj (ECap2RegsFile)

ECap3RegsFile 
*          1    00005040    0000001a     UNINITIALIZED
                  00005040    0000001a     F2837xD_GlobalVariableDefs.obj (ECap3RegsFile)

ECap4RegsFile 
*          1    00005060    0000001a     UNINITIALIZED
                  00005060    0000001a     F2837xD_GlobalVariableDefs.obj (ECap4RegsFile)

ECap5RegsFile 
*          1    00005080    0000001a     UNINITIALIZED
                  00005080    0000001a     F2837xD_GlobalVariableDefs.obj (ECap5RegsFile)

ECap6RegsFile 
*          1    000050a0    0000001a     UNINITIALIZED
                  000050a0    0000001a     F2837xD_GlobalVariableDefs.obj (ECap6RegsFile)

EQep1RegsFile 
*          1    00005100    00000022     UNINITIALIZED
                  00005100    00000022     F2837xD_GlobalVariableDefs.obj (EQep1RegsFile)

EQep2RegsFile 
*          1    00005140    00000022     UNINITIALIZED
                  00005140    00000022     F2837xD_GlobalVariableDefs.obj (EQep2RegsFile)

EQep3RegsFile 
*          1    00005180    00000022     UNINITIALIZED
                  00005180    00000022     F2837xD_GlobalVariableDefs.obj (EQep3RegsFile)

DacaRegsFile 
*          1    00005c00    00000007     UNINITIALIZED
                  00005c00    00000007     F2837xD_GlobalVariableDefs.obj (DacaRegsFile)

DacbRegsFile 
*          1    00005c10    00000007     UNINITIALIZED
                  00005c10    00000007     F2837xD_GlobalVariableDefs.obj (DacbRegsFile)

DaccRegsFile 
*          1    00005c20    00000007     UNINITIALIZED
                  00005c20    00000007     F2837xD_GlobalVariableDefs.obj (DaccRegsFile)

Cmpss1RegsFile 
*          1    00005c80    0000001b     UNINITIALIZED
                  00005c80    0000001b     F2837xD_GlobalVariableDefs.obj (Cmpss1RegsFile)

Cmpss2RegsFile 
*          1    00005ca0    0000001b     UNINITIALIZED
                  00005ca0    0000001b     F2837xD_GlobalVariableDefs.obj (Cmpss2RegsFile)

Cmpss3RegsFile 
*          1    00005cc0    0000001b     UNINITIALIZED
                  00005cc0    0000001b     F2837xD_GlobalVariableDefs.obj (Cmpss3RegsFile)

Cmpss4RegsFile 
*          1    00005ce0    0000001b     UNINITIALIZED
                  00005ce0    0000001b     F2837xD_GlobalVariableDefs.obj (Cmpss4RegsFile)

Cmpss5RegsFile 
*          1    00005d00    0000001b     UNINITIALIZED
                  00005d00    0000001b     F2837xD_GlobalVariableDefs.obj (Cmpss5RegsFile)

Cmpss6RegsFile 
*          1    00005d20    0000001b     UNINITIALIZED
                  00005d20    0000001b     F2837xD_GlobalVariableDefs.obj (Cmpss6RegsFile)

Cmpss7RegsFile 
*          1    00005d40    0000001b     UNINITIALIZED
                  00005d40    0000001b     F2837xD_GlobalVariableDefs.obj (Cmpss7RegsFile)

Cmpss8RegsFile 
*          1    00005d60    0000001b     UNINITIALIZED
                  00005d60    0000001b     F2837xD_GlobalVariableDefs.obj (Cmpss8RegsFile)

Sdfm1RegsFile 
*          1    00005e00    00000048     UNINITIALIZED
                  00005e00    00000048     F2837xD_GlobalVariableDefs.obj (Sdfm1RegsFile)

Sdfm2RegsFile 
*          1    00005e80    00000048     UNINITIALIZED
                  00005e80    00000048     F2837xD_GlobalVariableDefs.obj (Sdfm2RegsFile)

McbspaRegsFile 
*          1    00006000    00000024     UNINITIALIZED
                  00006000    00000024     F2837xD_GlobalVariableDefs.obj (McbspaRegsFile)

McbspbRegsFile 
*          1    00006040    00000024     UNINITIALIZED
                  00006040    00000024     F2837xD_GlobalVariableDefs.obj (McbspbRegsFile)

SpiaRegsFile 
*          1    00006100    00000010     UNINITIALIZED
                  00006100    00000010     F2837xD_GlobalVariableDefs.obj (SpiaRegsFile)

SpibRegsFile 
*          1    00006110    00000010     UNINITIALIZED
                  00006110    00000010     F2837xD_GlobalVariableDefs.obj (SpibRegsFile)

SpicRegsFile 
*          1    00006120    00000010     UNINITIALIZED
                  00006120    00000010     F2837xD_GlobalVariableDefs.obj (SpicRegsFile)

UppRegsFile 
*          1    00006200    00000048     UNINITIALIZED
                  00006200    00000048     F2837xD_GlobalVariableDefs.obj (UppRegsFile)

WdRegsFile 
*          1    00007000    0000002b     UNINITIALIZED
                  00007000    0000002b     F2837xD_GlobalVariableDefs.obj (WdRegsFile)

NmiIntruptRegsFile 
*          1    00007060    00000007     UNINITIALIZED
                  00007060    00000007     F2837xD_GlobalVariableDefs.obj (NmiIntruptRegsFile)

XintRegsFile 
*          1    00007070    0000000b     UNINITIALIZED
                  00007070    0000000b     F2837xD_GlobalVariableDefs.obj (XintRegsFile)

SciaRegsFile 
*          1    00007200    00000010     UNINITIALIZED
                  00007200    00000010     F2837xD_GlobalVariableDefs.obj (SciaRegsFile)

ScibRegsFile 
*          1    00007210    00000010     UNINITIALIZED
                  00007210    00000010     F2837xD_GlobalVariableDefs.obj (ScibRegsFile)

ScicRegsFile 
*          1    00007220    00000010     UNINITIALIZED
                  00007220    00000010     F2837xD_GlobalVariableDefs.obj (ScicRegsFile)

ScidRegsFile 
*          1    00007230    00000010     UNINITIALIZED
                  00007230    00000010     F2837xD_GlobalVariableDefs.obj (ScidRegsFile)

I2caRegsFile 
*          1    00007300    00000022     UNINITIALIZED
                  00007300    00000022     F2837xD_GlobalVariableDefs.obj (I2caRegsFile)

I2cbRegsFile 
*          1    00007340    00000022     UNINITIALIZED
                  00007340    00000022     F2837xD_GlobalVariableDefs.obj (I2cbRegsFile)

AdcaRegsFile 
*          1    00007400    0000007c     UNINITIALIZED
                  00007400    0000007c     F2837xD_GlobalVariableDefs.obj (AdcaRegsFile)

AdcbRegsFile 
*          1    00007480    0000007c     UNINITIALIZED
                  00007480    0000007c     F2837xD_GlobalVariableDefs.obj (AdcbRegsFile)

AdccRegsFile 
*          1    00007500    0000007c     UNINITIALIZED
                  00007500    0000007c     F2837xD_GlobalVariableDefs.obj (AdccRegsFile)

AdcdRegsFile 
*          1    00007580    0000007c     UNINITIALIZED
                  00007580    0000007c     F2837xD_GlobalVariableDefs.obj (AdcdRegsFile)

InputXbarRegsFile 
*          1    00007900    00000020     UNINITIALIZED
                  00007900    00000020     F2837xD_GlobalVariableDefs.obj (InputXbarRegsFile)

XbarRegsFile 
*          1    00007920    0000000e     UNINITIALIZED
                  00007920    0000000e     F2837xD_GlobalVariableDefs.obj (XbarRegsFile)

SyncSocRegsFile 
*          1    00007940    00000006     UNINITIALIZED
                  00007940    00000006     F2837xD_GlobalVariableDefs.obj (SyncSocRegsFile)

DmaClaSrcSelRegsFile 
*          1    00007980    0000001a     UNINITIALIZED
                  00007980    0000001a     F2837xD_GlobalVariableDefs.obj (DmaClaSrcSelRegsFile)

EPwmXbarRegsFile 
*          1    00007a00    00000040     UNINITIALIZED
                  00007a00    00000040     F2837xD_GlobalVariableDefs.obj (EPwmXbarRegsFile)

ClbXbarRegsFile 
*          1    00007a40    00000040     UNINITIALIZED
                  00007a40    00000040     F2837xD_GlobalVariableDefs.obj (ClbXbarRegsFile)

OutputXbarRegsFile 
*          1    00007a80    00000040     UNINITIALIZED
                  00007a80    00000040     F2837xD_GlobalVariableDefs.obj (OutputXbarRegsFile)

GpioCtrlRegsFile 
*          1    00007c00    00000180     UNINITIALIZED
                  00007c00    00000180     F2837xD_GlobalVariableDefs.obj (GpioCtrlRegsFile)

GpioDataRegsFile 
*          1    00007f00    00000030     UNINITIALIZED
                  00007f00    00000030     F2837xD_GlobalVariableDefs.obj (GpioDataRegsFile)

Emif1RegsFile 
*          1    00047000    00000028     UNINITIALIZED
                  00047000    00000028     F2837xD_GlobalVariableDefs.obj (Emif1RegsFile)

Emif2RegsFile 
*          1    00047800    00000028     UNINITIALIZED
                  00047800    00000028     F2837xD_GlobalVariableDefs.obj (Emif2RegsFile)

CanaRegsFile 
*          1    00048000    00000164     UNINITIALIZED
                  00048000    00000164     F2837xD_GlobalVariableDefs.obj (CanaRegsFile)

CanbRegsFile 
*          1    0004a000    00000164     UNINITIALIZED
                  0004a000    00000164     F2837xD_GlobalVariableDefs.obj (CanbRegsFile)

IpcRegsFile 
*          1    00050000    00000024     UNINITIALIZED
                  00050000    00000024     F2837xD_GlobalVariableDefs.obj (IpcRegsFile)

FlashPumpSemaphoreRegsFile 
*          1    00050024    00000002     UNINITIALIZED
                  00050024    00000002     F2837xD_GlobalVariableDefs.obj (FlashPumpSemaphoreRegsFile)

DevCfgRegsFile 
*          1    0005d000    0000012e     UNINITIALIZED
                  0005d000    0000012e     F2837xD_GlobalVariableDefs.obj (DevCfgRegsFile)

AnalogSubsysRegsFile 
*          1    0005d180    0000003e     UNINITIALIZED
                  0005d180    0000003e     F2837xD_GlobalVariableDefs.obj (AnalogSubsysRegsFile)

ClkCfgRegsFile 
*          1    0005d200    00000032     UNINITIALIZED
                  0005d200    00000032     F2837xD_GlobalVariableDefs.obj (ClkCfgRegsFile)

CpuSysRegsFile 
*          1    0005d300    00000082     UNINITIALIZED
                  0005d300    00000082     F2837xD_GlobalVariableDefs.obj (CpuSysRegsFile)

DcsmZ1RegsFile 
*          1    0005f000    00000022     UNINITIALIZED
                  0005f000    00000022     F2837xD_GlobalVariableDefs.obj (DcsmZ1RegsFile)

DcsmZ2RegsFile 
*          1    0005f040    00000022     UNINITIALIZED
                  0005f040    00000022     F2837xD_GlobalVariableDefs.obj (DcsmZ2RegsFile)

DcsmCommonRegsFile 
*          1    0005f070    00000006     UNINITIALIZED
                  0005f070    00000006     F2837xD_GlobalVariableDefs.obj (DcsmCommonRegsFile)

MemCfgRegsFile 
*          1    0005f400    00000076     UNINITIALIZED
                  0005f400    00000076     F2837xD_GlobalVariableDefs.obj (MemCfgRegsFile)

Emif1ConfigRegsFile 
*          1    0005f480    0000000a     UNINITIALIZED
                  0005f480    0000000a     F2837xD_GlobalVariableDefs.obj (Emif1ConfigRegsFile)

Emif2ConfigRegsFile 
*          1    0005f4a0    0000000a     UNINITIALIZED
                  0005f4a0    0000000a     F2837xD_GlobalVariableDefs.obj (Emif2ConfigRegsFile)

AccessProtectionRegsFile 
*          1    0005f4c0    0000002e     UNINITIALIZED
                  0005f4c0    0000002e     F2837xD_GlobalVariableDefs.obj (AccessProtectionRegsFile)

MemoryErrorRegsFile 
*          1    0005f500    0000003a     UNINITIALIZED
                  0005f500    0000003a     F2837xD_GlobalVariableDefs.obj (MemoryErrorRegsFile)

Flash0CtrlRegsFile 
*          1    0005f800    00000182     UNINITIALIZED
                  0005f800    00000182     F2837xD_GlobalVariableDefs.obj (Flash0CtrlRegsFile)

Flash0EccRegsFile 
*          1    0005fb00    00000028     UNINITIALIZED
                  0005fb00    00000028     F2837xD_GlobalVariableDefs.obj (Flash0EccRegsFile)

RomPrefetchRegsFile 
*          1    0005e608    00000002     UNINITIALIZED
                  0005e608    00000002     F2837xD_GlobalVariableDefs.obj (RomPrefetchRegsFile)

RomWaitStateRegsFile 
*          1    0005f540    00000002     UNINITIALIZED
                  0005f540    00000002     F2837xD_GlobalVariableDefs.obj (RomWaitStateRegsFile)

.text      0    00080008    00000e8e     
                  00080008    00000585     F2837xD_DefaultISR.obj (.text:retain)
                  0008058d    000004b4     F2837xD_SysCtrl.obj (.text)
                  00080a41    00000244     F2837xD_Gpio.obj (.text)
                  00080c85    00000088     rts2800_fpu32.lib : fs_div28.asm.obj (.text)
                  00080d0d    00000056                       : boot28.asm.obj (.text)
                  00080d63    0000003d     blinky_dc_cpu01.obj (.text)
                  00080da0    00000029     rts2800_fpu32.lib : exit.c.obj (.text)
                  00080dc9    00000028     F2837xD_PieCtrl.obj (.text)
                  00080df1    00000026     F2837xD_PieVect.obj (.text)
                  00080e17    00000024     rts2800_fpu32.lib : cpy_tbl.c.obj (.text)
                  00080e3b    0000001d                       : memcpy.c.obj (.text)
                  00080e58    00000018                       : ll_aox28.asm.obj (.text)
                  00080e70    00000012                       : args_main.c.obj (.text)
                  00080e82    00000009                       : _lock.c.obj (.text)
                  00080e8b    00000008     F2837xD_CodeStartBranch.obj (.text)
                  00080e93    00000002     rts2800_fpu32.lib : pre_init.c.obj (.text)
                  00080e95    00000001                       : startup.c.obj (.text)

.ebss      1    0000c000    0000000a     UNINITIALIZED
                  0000c000    00000006     rts2800_fpu32.lib : exit.c.obj (.ebss)
                  0000c006    00000002                       : _lock.c.obj (.ebss:__lock)
                  0000c008    00000002                       : _lock.c.obj (.ebss:__unlock)

MODULE SUMMARY

       Module                           code   initialized data   uninitialized data
       ------                           ----   ----------------   ------------------
    .\
       F2837xD_GlobalVariableDefs.obj   0      0                  9854              
       F2837xD_DefaultISR.obj           1413   0                  0                 
       F2837xD_SysCtrl.obj              1314   0                  0                 
       F2837xD_Gpio.obj                 580    0                  0                 
       F2837xD_PieVect.obj              38     448                0                 
       blinky_dc_cpu01.obj              61     0                  0                 
       F2837xD_PieCtrl.obj              40     0                  0                 
       F2837xD_CodeStartBranch.obj      10     0                  0                 
       F2837xD_usDelay.obj              8      0                  0                 
    +--+--------------------------------+------+------------------+--------------------+
       Total:                           3464   448                9854              
                                                                                    
    C:/ti/ccs1200/ccs/tools/compiler/ti-cgt-c2000_22.6.0.LTS/lib/rts2800_fpu32.lib
       fs_div28.asm.obj                 136    0                  0                 
       boot28.asm.obj                   86     0                  0                 
       exit.c.obj                       41     14                 6                 
       cpy_tbl.c.obj                    36     0                  0                 
       memcpy.c.obj                     29     0                  0                 
       ll_aox28.asm.obj                 24     0                  0                 
       _lock.c.obj                      9      10                 4                 
       args_main.c.obj                  18     0                  0                 
       pre_init.c.obj                   2      0                  0                 
       startup.c.obj                    1      0                  0                 
    +--+--------------------------------+------+------------------+--------------------+
       Total:                           382    24                 10                
                                                                                    
       Stack:                           0      0                  1016              
    +--+--------------------------------+------+------------------+--------------------+
       Grand Total:                     3846   472                10880             


GLOBAL DATA SYMBOLS: SORTED BY DATA PAGE

address     data page           name
--------    ----------------    ----
00000b00      2c (00000b00)     _AdcaResultRegs
00000b20      2c (00000b00)     _AdcbResultRegs

00000b40      2d (00000b40)     _AdccResultRegs
00000b60      2d (00000b40)     _AdcdResultRegs

00000c00      30 (00000c00)     _CpuTimer0Regs
00000c08      30 (00000c00)     _CpuTimer1Regs
00000c10      30 (00000c00)     _CpuTimer2Regs

00000ce0      33 (00000cc0)     _PieCtrlRegs

00000d00      34 (00000d00)     _PieVectTable

00001000      40 (00001000)     _DmaRegs

00001400      50 (00001400)     _Cla1Regs

00003000      c0 (00003000)     _Clb1LogicCfgRegs

00003100      c4 (00003100)     _Clb1LogicCtrlRegs

00003200      c8 (00003200)     _Clb1DataExchRegs

00003400      d0 (00003400)     _Clb2LogicCfgRegs

00003500      d4 (00003500)     _Clb2LogicCtrlRegs

00003600      d8 (00003600)     _Clb2DataExchRegs

00003800      e0 (00003800)     _Clb3LogicCfgRegs

00003900      e4 (00003900)     _Clb3LogicCtrlRegs

00003a00      e8 (00003a00)     _Clb3DataExchRegs

00003c00      f0 (00003c00)     _Clb4LogicCfgRegs

00003d00      f4 (00003d00)     _Clb4LogicCtrlRegs

00003e00      f8 (00003e00)     _Clb4DataExchRegs

00004000     100 (00004000)     _EPwm1Regs

00004100     104 (00004100)     _EPwm2Regs

00004200     108 (00004200)     _EPwm3Regs

00004300     10c (00004300)     _EPwm4Regs

00004400     110 (00004400)     _EPwm5Regs

00004500     114 (00004500)     _EPwm6Regs

00004600     118 (00004600)     _EPwm7Regs

00004700     11c (00004700)     _EPwm8Regs

00004800     120 (00004800)     _EPwm9Regs

00004900     124 (00004900)     _EPwm10Regs

00004a00     128 (00004a00)     _EPwm11Regs

00004b00     12c (00004b00)     _EPwm12Regs

00005000     140 (00005000)     _ECap1Regs
00005020     140 (00005000)     _ECap2Regs

00005040     141 (00005040)     _ECap3Regs
00005060     141 (00005040)     _ECap4Regs

00005080     142 (00005080)     _ECap5Regs
000050a0     142 (00005080)     _ECap6Regs

00005100     144 (00005100)     _EQep1Regs

00005140     145 (00005140)     _EQep2Regs

00005180     146 (00005180)     _EQep3Regs

00005c00     170 (00005c00)     _DacaRegs
00005c10     170 (00005c00)     _DacbRegs
00005c20     170 (00005c00)     _DaccRegs

00005c80     172 (00005c80)     _Cmpss1Regs
00005ca0     172 (00005c80)     _Cmpss2Regs

00005cc0     173 (00005cc0)     _Cmpss3Regs
00005ce0     173 (00005cc0)     _Cmpss4Regs

00005d00     174 (00005d00)     _Cmpss5Regs
00005d20     174 (00005d00)     _Cmpss6Regs

00005d40     175 (00005d40)     _Cmpss7Regs
00005d60     175 (00005d40)     _Cmpss8Regs

00005e00     178 (00005e00)     _Sdfm1Regs

00005e80     17a (00005e80)     _Sdfm2Regs

00006000     180 (00006000)     _McbspaRegs

00006040     181 (00006040)     _McbspbRegs

00006100     184 (00006100)     _SpiaRegs
00006110     184 (00006100)     _SpibRegs
00006120     184 (00006100)     _SpicRegs

00006200     188 (00006200)     _UppRegs

00007000     1c0 (00007000)     _WdRegs

00007060     1c1 (00007040)     _NmiIntruptRegs
00007070     1c1 (00007040)     _XintRegs

00007200     1c8 (00007200)     _SciaRegs
00007210     1c8 (00007200)     _ScibRegs
00007220     1c8 (00007200)     _ScicRegs
00007230     1c8 (00007200)     _ScidRegs

00007300     1cc (00007300)     _I2caRegs

00007340     1cd (00007340)     _I2cbRegs

00007400     1d0 (00007400)     _AdcaRegs

00007480     1d2 (00007480)     _AdcbRegs

00007500     1d4 (00007500)     _AdccRegs

00007580     1d6 (00007580)     _AdcdRegs

00007900     1e4 (00007900)     _InputXbarRegs
00007920     1e4 (00007900)     _XbarRegs

00007940     1e5 (00007940)     _SyncSocRegs

00007980     1e6 (00007980)     _DmaClaSrcSelRegs

00007a00     1e8 (00007a00)     _EPwmXbarRegs

00007a40     1e9 (00007a40)     _ClbXbarRegs

00007a80     1ea (00007a80)     _OutputXbarRegs

00007c00     1f0 (00007c00)     _GpioCtrlRegs

00007f00     1fc (00007f00)     _GpioDataRegs

0000b000     2c0 (0000b000)     __stack

0000c000     300 (0000c000)     ___TI_enable_exit_profile_output
0000c002     300 (0000c000)     ___TI_cleanup_ptr
0000c004     300 (0000c000)     ___TI_dtors_ptr
0000c006     300 (0000c000)     __lock
0000c008     300 (0000c000)     __unlock

00047000    11c0 (00047000)     _Emif1Regs

00047800    11e0 (00047800)     _Emif2Regs

00048000    1200 (00048000)     _CanaRegs

0004a000    1280 (0004a000)     _CanbRegs

00050000    1400 (00050000)     _IpcRegs
00050024    1400 (00050000)     _FlashPumpSemaphoreRegs

0005d000    1740 (0005d000)     _DevCfgRegs

0005d180    1746 (0005d180)     _AnalogSubsysRegs

0005d200    1748 (0005d200)     _ClkCfgRegs

0005d300    174c (0005d300)     _CpuSysRegs

0005e608    1798 (0005e600)     _RomPrefetchRegs

0005f000    17c0 (0005f000)     _DcsmZ1Regs

0005f040    17c1 (0005f040)     _DcsmZ2Regs
0005f070    17c1 (0005f040)     _DcsmCommonRegs

0005f400    17d0 (0005f400)     _MemCfgRegs

0005f480    17d2 (0005f480)     _Emif1ConfigRegs
0005f4a0    17d2 (0005f480)     _Emif2ConfigRegs

0005f4c0    17d3 (0005f4c0)     _AccessProtectionRegs

0005f500    17d4 (0005f500)     _MemoryErrorRegs

0005f540    17d5 (0005f540)     _RomWaitStateRegs

0005f800    17e0 (0005f800)     _Flash0CtrlRegs

0005fb00    17ec (0005fb00)     _Flash0EccRegs

00080e98    203a (00080e80)     _PieVectTableInit


GLOBAL SYMBOLS: SORTED ALPHABETICALLY BY Name 

page  address   name                                  
----  -------   ----                                  
abs   ffffffff  .text                                 
0     00080da0  C$$EXIT                               
0     00080c85  FS$$DIV                               
0     00080e58  LL$$AND                               
0     00080e60  LL$$OR                                
0     00080e68  LL$$XOR                               
0     000800c6  _ADCA1_ISR                            
0     00080346  _ADCA2_ISR                            
0     00080350  _ADCA3_ISR                            
0     0008035a  _ADCA4_ISR                            
0     0008033c  _ADCA_EVT_ISR                         
0     000800d0  _ADCB1_ISR                            
0     0008036e  _ADCB2_ISR                            
0     00080378  _ADCB3_ISR                            
0     00080382  _ADCB4_ISR                            
0     00080364  _ADCB_EVT_ISR                         
0     000800da  _ADCC1_ISR                            
0     000804d6  _ADCC2_ISR                            
0     000804e0  _ADCC3_ISR                            
0     000804ea  _ADCC4_ISR                            
0     000804cc  _ADCC_EVT_ISR                         
0     000800f8  _ADCD1_ISR                            
0     000804fe  _ADCD2_ISR                            
0     00080508  _ADCD3_ISR                            
0     00080512  _ADCD4_ISR                            
0     000804f4  _ADCD_EVT_ISR                         
0     0008054e  _AUX_PLL_SLIP_ISR                     
1     0005f4c0  _AccessProtectionRegs                 
1     00007400  _AdcaRegs                             
1     00000b00  _AdcaResultRegs                       
1     00007480  _AdcbRegs                             
1     00000b20  _AdcbResultRegs                       
1     00007500  _AdccRegs                             
1     00000b40  _AdccResultRegs                       
1     00007580  _AdcdRegs                             
1     00000b60  _AdcdResultRegs                       
1     0005d180  _AnalogSubsysRegs                     
0     000809d0  _AuxAuxClkSel                         
0     000809ba  _AuxIntOsc2Sel                        
0     000809c4  _AuxXtalOscSel                        
0     00080314  _CANA0_ISR                            
0     0008031e  _CANA1_ISR                            
0     00080328  _CANB0_ISR                            
0     00080332  _CANB1_ISR                            
0     0008038c  _CLA1_1_ISR                           
0     00080396  _CLA1_2_ISR                           
0     000803a0  _CLA1_3_ISR                           
0     000803aa  _CLA1_4_ISR                           
0     000803b4  _CLA1_5_ISR                           
0     000803be  _CLA1_6_ISR                           
0     000803c8  _CLA1_7_ISR                           
0     000803d2  _CLA1_8_ISR                           
0     00080558  _CLA_OVERFLOW_ISR                     
0     00080562  _CLA_UNDERFLOW_ISR                    
1     00048000  _CanaRegs                             
1     0004a000  _CanbRegs                             
1     00001400  _Cla1Regs                             
1     00003200  _Clb1DataExchRegs                     
1     00003000  _Clb1LogicCfgRegs                     
1     00003100  _Clb1LogicCtrlRegs                    
1     00003600  _Clb2DataExchRegs                     
1     00003400  _Clb2LogicCfgRegs                     
1     00003500  _Clb2LogicCtrlRegs                    
1     00003a00  _Clb3DataExchRegs                     
1     00003800  _Clb3LogicCfgRegs                     
1     00003900  _Clb3LogicCtrlRegs                    
1     00003e00  _Clb4DataExchRegs                     
1     00003c00  _Clb4LogicCfgRegs                     
1     00003d00  _Clb4LogicCtrlRegs                    
1     00007a40  _ClbXbarRegs                          
1     0005d200  _ClkCfgRegs                           
1     00005c80  _Cmpss1Regs                           
1     00005ca0  _Cmpss2Regs                           
1     00005cc0  _Cmpss3Regs                           
1     00005ce0  _Cmpss4Regs                           
1     00005d00  _Cmpss5Regs                           
1     00005d20  _Cmpss6Regs                           
1     00005d40  _Cmpss7Regs                           
1     00005d60  _Cmpss8Regs                           
0     00080a24  _ConfigureTMXAnalogTrim               
1     0005d300  _CpuSysRegs                           
1     00000c00  _CpuTimer0Regs                        
1     00000c08  _CpuTimer1Regs                        
1     00000c10  _CpuTimer2Regs                        
0     00080965  _CsmUnlock                            
0     0008001c  _DATALOG_ISR                          
0     00080260  _DMA_CH1_ISR                          
0     0008026a  _DMA_CH2_ISR                          
0     00080274  _DMA_CH3_ISR                          
0     0008027e  _DMA_CH4_ISR                          
0     00080288  _DMA_CH5_ISR                          
0     00080292  _DMA_CH6_ISR                          
1     00005c00  _DacaRegs                             
1     00005c10  _DacbRegs                             
1     00005c20  _DaccRegs                             
1     0005f070  _DcsmCommonRegs                       
1     0005f000  _DcsmZ1Regs                           
1     0005f040  _DcsmZ2Regs                           
1     0005d000  _DevCfgRegs                           
0     00080679  _DisableDog                           
0     0008063a  _DisablePeripheralClocks              
1     00007980  _DmaClaSrcSelRegs                     
1     00001000  _DmaRegs                              
0     000801b6  _ECAP1_ISR                            
0     000801c0  _ECAP2_ISR                            
0     000801ca  _ECAP3_ISR                            
0     000801d4  _ECAP4_ISR                            
0     000801de  _ECAP5_ISR                            
0     000801e8  _ECAP6_ISR                            
1     00005000  _ECap1Regs                            
1     00005020  _ECap2Regs                            
1     00005040  _ECap3Regs                            
1     00005060  _ECap4Regs                            
1     00005080  _ECap5Regs                            
1     000050a0  _ECap6Regs                            
0     0008051c  _EMIF_ERROR_ISR                       
0     00080576  _EMPTY_ISR                            
0     00080030  _EMU_ISR                              
0     00080472  _EPWM10_ISR                           
0     0008044a  _EPWM10_TZ_ISR                        
0     0008047c  _EPWM11_ISR                           
0     00080454  _EPWM11_TZ_ISR                        
0     00080486  _EPWM12_ISR                           
0     0008045e  _EPWM12_TZ_ISR                        
0     00080166  _EPWM1_ISR                            
0     00080116  _EPWM1_TZ_ISR                         
0     00080170  _EPWM2_ISR                            
0     00080120  _EPWM2_TZ_ISR                         
0     0008017a  _EPWM3_ISR                            
0     0008012a  _EPWM3_TZ_ISR                         
0     00080184  _EPWM4_ISR                            
0     00080134  _EPWM4_TZ_ISR                         
0     0008018e  _EPWM5_ISR                            
0     0008013e  _EPWM5_TZ_ISR                         
0     00080198  _EPWM6_ISR                            
0     00080148  _EPWM6_TZ_ISR                         
0     000801a2  _EPWM7_ISR                            
0     00080152  _EPWM7_TZ_ISR                         
0     000801ac  _EPWM8_ISR                            
0     0008015c  _EPWM8_TZ_ISR                         
0     00080468  _EPWM9_ISR                            
0     00080440  _EPWM9_TZ_ISR                         
1     00004900  _EPwm10Regs                           
1     00004a00  _EPwm11Regs                           
1     00004b00  _EPwm12Regs                           
1     00004000  _EPwm1Regs                            
1     00004100  _EPwm2Regs                            
1     00004200  _EPwm3Regs                            
1     00004300  _EPwm4Regs                            
1     00004400  _EPwm5Regs                            
1     00004500  _EPwm6Regs                            
1     00004600  _EPwm7Regs                            
1     00004700  _EPwm8Regs                            
1     00004800  _EPwm9Regs                            
1     00007a00  _EPwmXbarRegs                         
0     000801f2  _EQEP1_ISR                            
0     000801fc  _EQEP2_ISR                            
0     00080206  _EQEP3_ISR                            
1     00005100  _EQep1Regs                            
1     00005140  _EQep2Regs                            
1     00005180  _EQep3Regs                            
1     0005f480  _Emif1ConfigRegs                      
1     00047000  _Emif1Regs                            
1     0005f4a0  _Emif2ConfigRegs                      
1     00047800  _Emif2Regs                            
0     00080de8  _EnableInterrupts                     
0     00008037  _F28x_usDelay                         
0     00080530  _FLASH_CORRECTABLE_ERROR_ISR          
0     00080404  _FPU_OVERFLOW_ISR                     
0     0008040e  _FPU_UNDERFLOW_ISR                    
1     0005f800  _Flash0CtrlRegs                       
1     0005fb00  _Flash0EccRegs                        
0     00008029  _FlashOff                             
1     00050024  _FlashPumpSemaphoreRegs               
0     00080c3a  _GPIO_EnableUnbondedIOPullups         
0     00080c15  _GPIO_EnableUnbondedIOPullupsFor100Pin
0     00080bfc  _GPIO_EnableUnbondedIOPullupsFor176Pin
0     00080c50  _GPIO_ReadPin                         
0     00080ba1  _GPIO_SetupLock                       
0     00080a81  _GPIO_SetupPinMux                     
0     00080b0d  _GPIO_SetupPinOptions                 
0     00080bca  _GPIO_SetupXINT1Gpio                  
0     00080bd4  _GPIO_SetupXINT2Gpio                  
0     00080bde  _GPIO_SetupXINT3Gpio                  
0     00080be8  _GPIO_SetupXINT4Gpio                  
0     00080bf2  _GPIO_SetupXINT5Gpio                  
0     00080c67  _GPIO_WritePin                        
1     00007c00  _GpioCtrlRegs                         
1     00007f00  _GpioDataRegs                         
0     000809ee  _HALT                                 
0     00080a07  _HIB                                  
0     000802a6  _I2CA_FIFO_ISR                        
0     0008029c  _I2CA_ISR                             
0     000802ba  _I2CB_FIFO_ISR                        
0     000802b0  _I2CB_ISR                             
1     00007300  _I2caRegs                             
1     00007340  _I2cbRegs                             
0     000809da  _IDLE                                 
0     00080044  _ILLEGAL_ISR                          
0     00080418  _IPC0_ISR                             
0     00080422  _IPC1_ISR                             
0     0008042c  _IPC2_ISR                             
0     00080436  _IPC3_ISR                             
0     00080876  _InitAuxPll                           
0     00008000  _InitFlash                            
0     00080a41  _InitGpio                             
0     000805b6  _InitPeripheralClocks                 
0     00080dc9  _InitPieCtrl                          
0     00080df1  _InitPieVectTable                     
0     0008058d  _InitSysCtrl                          
0     00080687  _InitSysPll                           
1     00007900  _InputXbarRegs                        
1     00050000  _IpcRegs                              
0     00080238  _MCBSPA_RX_ISR                        
0     00080242  _MCBSPA_TX_ISR                        
0     0008024c  _MCBSPB_RX_ISR                        
0     00080256  _MCBSPB_TX_ISR                        
1     00006000  _McbspaRegs                           
1     00006040  _McbspbRegs                           
1     0005f400  _MemCfgRegs                           
1     0005f500  _MemoryErrorRegs                      
0     0008003a  _NMI_ISR                              
0     00080583  _NOTUSED_ISR                          
1     00007060  _NmiIntruptRegs                       
1     00007a80  _OutputXbarRegs                       
0     0008056c  _PIE_RESERVED_ISR                     
1     00000ce0  _PieCtrlRegs                          
1     00000d00  _PieVectTable                         
0     00080e98  _PieVectTableInit                     
0     0008053a  _RAM_ACCESS_VIOLATION_ISR             
0     00080526  _RAM_CORRECTABLE_ERROR_ISR            
0     00080026  _RTOS_ISR                             
0     00081093  _RamfuncsLoadEnd                      
abs   0000003b  _RamfuncsLoadSize                     
0     00081058  _RamfuncsLoadStart                    
0     0000803b  _RamfuncsRunEnd                       
abs   0000003b  _RamfuncsRunSize                      
0     00008000  _RamfuncsRunStart                     
0     00080661  _ReleaseFlashPump                     
1     0005e608  _RomPrefetchRegs                      
1     0005f540  _RomWaitStateRegs                     
0     000802ec  _SCIA_RX_ISR                          
0     000802f6  _SCIA_TX_ISR                          
0     00080300  _SCIB_RX_ISR                          
0     0008030a  _SCIB_TX_ISR                          
0     000802c4  _SCIC_RX_ISR                          
0     000802ce  _SCIC_TX_ISR                          
0     000802d8  _SCID_RX_ISR                          
0     000802e2  _SCID_TX_ISR                          
0     00080490  _SD1_ISR                              
0     0008049a  _SD2_ISR                              
0     00080210  _SPIA_RX_ISR                          
0     0008021a  _SPIA_TX_ISR                          
0     00080224  _SPIB_RX_ISR                          
0     0008022e  _SPIB_TX_ISR                          
0     000804a4  _SPIC_RX_ISR                          
0     000804ae  _SPIC_TX_ISR                          
0     000809e3  _STANDBY                              
0     00080544  _SYS_PLL_SLIP_ISR                     
1     00007200  _SciaRegs                             
1     00007210  _ScibRegs                             
1     00007220  _ScicRegs                             
1     00007230  _ScidRegs                             
1     00005e00  _Sdfm1Regs                            
1     00005e80  _Sdfm2Regs                            
0     00080652  _SeizeFlashPump                       
0     0008066b  _ServiceDog                           
1     00006100  _SpiaRegs                             
1     00006110  _SpibRegs                             
1     00006120  _SpicRegs                             
1     00007940  _SyncSocRegs                          
0     00080986  _SysIntOsc1Sel                        
0     00080996  _SysIntOsc2Sel                        
0     000809aa  _SysXtalOscSel                        
0     00080102  _TIMER0_ISR                           
0     00080008  _TIMER1_ISR                           
0     00080012  _TIMER2_ISR                           
0     000804b8  _UPPA_ISR                             
0     000804c2  _USBA_ISR                             
0     000800a8  _USER10_ISR                           
0     000800b2  _USER11_ISR                           
0     000800bc  _USER12_ISR                           
0     0008004e  _USER1_ISR                            
0     00080058  _USER2_ISR                            
0     00080062  _USER3_ISR                            
0     0008006c  _USER4_ISR                            
0     00080076  _USER5_ISR                            
0     00080080  _USER6_ISR                            
0     0008008a  _USER7_ISR                            
0     00080094  _USER8_ISR                            
0     0008009e  _USER9_ISR                            
1     00006200  _UppRegs                              
0     000803fa  _VCU_ISR                              
0     0008010c  _WAKE_ISR                             
1     00007000  _WdRegs                               
0     000800e4  _XINT1_ISR                            
0     000800ee  _XINT2_ISR                            
0     000803dc  _XINT3_ISR                            
0     000803e6  _XINT4_ISR                            
0     000803f0  _XINT5_ISR                            
1     00007920  _XbarRegs                             
1     00007070  _XintRegs                             
1     0000b3f8  __STACK_END                           
abs   000003f8  __STACK_SIZE                          
1     0000c002  ___TI_cleanup_ptr                     
1     0000c004  ___TI_dtors_ptr                       
1     0000c000  ___TI_enable_exit_profile_output      
abs   ffffffff  ___TI_pprof_out_hndl                  
abs   ffffffff  ___TI_prof_data_size                  
abs   ffffffff  ___TI_prof_data_start                 
abs   ffffffff  ___binit__                            
abs   ffffffff  ___c_args__                           
0     00081098  ___cinit__                            
abs   ffffffff  ___etext__                            
abs   ffffffff  ___pinit__                            
abs   ffffffff  ___text__                             
0     00080e70  __args_main                           
1     0000c006  __lock                                
0     00080e8a  __nop                                 
0     00080e86  __register_lock                       
0     00080e82  __register_unlock                     
1     0000b000  __stack                               
0     00080e95  __system_post_cinit                   
0     00080e93  __system_pre_init                     
1     0000c008  __unlock                              
0     00080da0  _abort                                
0     00080d0d  _c_int00                              
0     00080e17  _copy_in                              
0     00080da2  _exit                                 
0     00080d63  _main                                 
0     00080e3b  _memcpy                               
abs   ffffffff  binit                                 
0     00081098  cinit                                 
0     00080000  code_start                            
abs   ffffffff  etext                                 
abs   ffffffff  pinit                                 


GLOBAL SYMBOLS: SORTED BY Symbol Address 

page  address   name                                  
----  -------   ----                                  
0     00008000  _InitFlash                            
0     00008000  _RamfuncsRunStart                     
0     00008029  _FlashOff                             
0     00008037  _F28x_usDelay                         
0     0000803b  _RamfuncsRunEnd                       
0     00080000  code_start                            
0     00080008  _TIMER1_ISR                           
0     00080012  _TIMER2_ISR                           
0     0008001c  _DATALOG_ISR                          
0     00080026  _RTOS_ISR                             
0     00080030  _EMU_ISR                              
0     0008003a  _NMI_ISR                              
0     00080044  _ILLEGAL_ISR                          
0     0008004e  _USER1_ISR                            
0     00080058  _USER2_ISR                            
0     00080062  _USER3_ISR                            
0     0008006c  _USER4_ISR                            
0     00080076  _USER5_ISR                            
0     00080080  _USER6_ISR                            
0     0008008a  _USER7_ISR                            
0     00080094  _USER8_ISR                            
0     0008009e  _USER9_ISR                            
0     000800a8  _USER10_ISR                           
0     000800b2  _USER11_ISR                           
0     000800bc  _USER12_ISR                           
0     000800c6  _ADCA1_ISR                            
0     000800d0  _ADCB1_ISR                            
0     000800da  _ADCC1_ISR                            
0     000800e4  _XINT1_ISR                            
0     000800ee  _XINT2_ISR                            
0     000800f8  _ADCD1_ISR                            
0     00080102  _TIMER0_ISR                           
0     0008010c  _WAKE_ISR                             
0     00080116  _EPWM1_TZ_ISR                         
0     00080120  _EPWM2_TZ_ISR                         
0     0008012a  _EPWM3_TZ_ISR                         
0     00080134  _EPWM4_TZ_ISR                         
0     0008013e  _EPWM5_TZ_ISR                         
0     00080148  _EPWM6_TZ_ISR                         
0     00080152  _EPWM7_TZ_ISR                         
0     0008015c  _EPWM8_TZ_ISR                         
0     00080166  _EPWM1_ISR                            
0     00080170  _EPWM2_ISR                            
0     0008017a  _EPWM3_ISR                            
0     00080184  _EPWM4_ISR                            
0     0008018e  _EPWM5_ISR                            
0     00080198  _EPWM6_ISR                            
0     000801a2  _EPWM7_ISR                            
0     000801ac  _EPWM8_ISR                            
0     000801b6  _ECAP1_ISR                            
0     000801c0  _ECAP2_ISR                            
0     000801ca  _ECAP3_ISR                            
0     000801d4  _ECAP4_ISR                            
0     000801de  _ECAP5_ISR                            
0     000801e8  _ECAP6_ISR                            
0     000801f2  _EQEP1_ISR                            
0     000801fc  _EQEP2_ISR                            
0     00080206  _EQEP3_ISR                            
0     00080210  _SPIA_RX_ISR                          
0     0008021a  _SPIA_TX_ISR                          
0     00080224  _SPIB_RX_ISR                          
0     0008022e  _SPIB_TX_ISR                          
0     00080238  _MCBSPA_RX_ISR                        
0     00080242  _MCBSPA_TX_ISR                        
0     0008024c  _MCBSPB_RX_ISR                        
0     00080256  _MCBSPB_TX_ISR                        
0     00080260  _DMA_CH1_ISR                          
0     0008026a  _DMA_CH2_ISR                          
0     00080274  _DMA_CH3_ISR                          
0     0008027e  _DMA_CH4_ISR                          
0     00080288  _DMA_CH5_ISR                          
0     00080292  _DMA_CH6_ISR                          
0     0008029c  _I2CA_ISR                             
0     000802a6  _I2CA_FIFO_ISR                        
0     000802b0  _I2CB_ISR                             
0     000802ba  _I2CB_FIFO_ISR                        
0     000802c4  _SCIC_RX_ISR                          
0     000802ce  _SCIC_TX_ISR                          
0     000802d8  _SCID_RX_ISR                          
0     000802e2  _SCID_TX_ISR                          
0     000802ec  _SCIA_RX_ISR                          
0     000802f6  _SCIA_TX_ISR                          
0     00080300  _SCIB_RX_ISR                          
0     0008030a  _SCIB_TX_ISR                          
0     00080314  _CANA0_ISR                            
0     0008031e  _CANA1_ISR                            
0     00080328  _CANB0_ISR                            
0     00080332  _CANB1_ISR                            
0     0008033c  _ADCA_EVT_ISR                         
0     00080346  _ADCA2_ISR                            
0     00080350  _ADCA3_ISR                            
0     0008035a  _ADCA4_ISR                            
0     00080364  _ADCB_EVT_ISR                         
0     0008036e  _ADCB2_ISR                            
0     00080378  _ADCB3_ISR                            
0     00080382  _ADCB4_ISR                            
0     0008038c  _CLA1_1_ISR                           
0     00080396  _CLA1_2_ISR                           
0     000803a0  _CLA1_3_ISR                           
0     000803aa  _CLA1_4_ISR                           
0     000803b4  _CLA1_5_ISR                           
0     000803be  _CLA1_6_ISR                           
0     000803c8  _CLA1_7_ISR                           
0     000803d2  _CLA1_8_ISR                           
0     000803dc  _XINT3_ISR                            
0     000803e6  _XINT4_ISR                            
0     000803f0  _XINT5_ISR                            
0     000803fa  _VCU_ISR                              
0     00080404  _FPU_OVERFLOW_ISR                     
0     0008040e  _FPU_UNDERFLOW_ISR                    
0     00080418  _IPC0_ISR                             
0     00080422  _IPC1_ISR                             
0     0008042c  _IPC2_ISR                             
0     00080436  _IPC3_ISR                             
0     00080440  _EPWM9_TZ_ISR                         
0     0008044a  _EPWM10_TZ_ISR                        
0     00080454  _EPWM11_TZ_ISR                        
0     0008045e  _EPWM12_TZ_ISR                        
0     00080468  _EPWM9_ISR                            
0     00080472  _EPWM10_ISR                           
0     0008047c  _EPWM11_ISR                           
0     00080486  _EPWM12_ISR                           
0     00080490  _SD1_ISR                              
0     0008049a  _SD2_ISR                              
0     000804a4  _SPIC_RX_ISR                          
0     000804ae  _SPIC_TX_ISR                          
0     000804b8  _UPPA_ISR                             
0     000804c2  _USBA_ISR                             
0     000804cc  _ADCC_EVT_ISR                         
0     000804d6  _ADCC2_ISR                            
0     000804e0  _ADCC3_ISR                            
0     000804ea  _ADCC4_ISR                            
0     000804f4  _ADCD_EVT_ISR                         
0     000804fe  _ADCD2_ISR                            
0     00080508  _ADCD3_ISR                            
0     00080512  _ADCD4_ISR                            
0     0008051c  _EMIF_ERROR_ISR                       
0     00080526  _RAM_CORRECTABLE_ERROR_ISR            
0     00080530  _FLASH_CORRECTABLE_ERROR_ISR          
0     0008053a  _RAM_ACCESS_VIOLATION_ISR             
0     00080544  _SYS_PLL_SLIP_ISR                     
0     0008054e  _AUX_PLL_SLIP_ISR                     
0     00080558  _CLA_OVERFLOW_ISR                     
0     00080562  _CLA_UNDERFLOW_ISR                    
0     0008056c  _PIE_RESERVED_ISR                     
0     00080576  _EMPTY_ISR                            
0     00080583  _NOTUSED_ISR                          
0     0008058d  _InitSysCtrl                          
0     000805b6  _InitPeripheralClocks                 
0     0008063a  _DisablePeripheralClocks              
0     00080652  _SeizeFlashPump                       
0     00080661  _ReleaseFlashPump                     
0     0008066b  _ServiceDog                           
0     00080679  _DisableDog                           
0     00080687  _InitSysPll                           
0     00080876  _InitAuxPll                           
0     00080965  _CsmUnlock                            
0     00080986  _SysIntOsc1Sel                        
0     00080996  _SysIntOsc2Sel                        
0     000809aa  _SysXtalOscSel                        
0     000809ba  _AuxIntOsc2Sel                        
0     000809c4  _AuxXtalOscSel                        
0     000809d0  _AuxAuxClkSel                         
0     000809da  _IDLE                                 
0     000809e3  _STANDBY                              
0     000809ee  _HALT                                 
0     00080a07  _HIB                                  
0     00080a24  _ConfigureTMXAnalogTrim               
0     00080a41  _InitGpio                             
0     00080a81  _GPIO_SetupPinMux                     
0     00080b0d  _GPIO_SetupPinOptions                 
0     00080ba1  _GPIO_SetupLock                       
0     00080bca  _GPIO_SetupXINT1Gpio                  
0     00080bd4  _GPIO_SetupXINT2Gpio                  
0     00080bde  _GPIO_SetupXINT3Gpio                  
0     00080be8  _GPIO_SetupXINT4Gpio                  
0     00080bf2  _GPIO_SetupXINT5Gpio                  
0     00080bfc  _GPIO_EnableUnbondedIOPullupsFor176Pin
0     00080c15  _GPIO_EnableUnbondedIOPullupsFor100Pin
0     00080c3a  _GPIO_EnableUnbondedIOPullups         
0     00080c50  _GPIO_ReadPin                         
0     00080c67  _GPIO_WritePin                        
0     00080c85  FS$$DIV                               
0     00080d0d  _c_int00                              
0     00080d63  _main                                 
0     00080da0  C$$EXIT                               
0     00080da0  _abort                                
0     00080da2  _exit                                 
0     00080dc9  _InitPieCtrl                          
0     00080de8  _EnableInterrupts                     
0     00080df1  _InitPieVectTable                     
0     00080e17  _copy_in                              
0     00080e3b  _memcpy                               
0     00080e58  LL$$AND                               
0     00080e60  LL$$OR                                
0     00080e68  LL$$XOR                               
0     00080e70  __args_main                           
0     00080e82  __register_unlock                     
0     00080e86  __register_lock                       
0     00080e8a  __nop                                 
0     00080e93  __system_pre_init                     
0     00080e95  __system_post_cinit                   
0     00080e98  _PieVectTableInit                     
0     00081058  _RamfuncsLoadStart                    
0     00081093  _RamfuncsLoadEnd                      
0     00081098  ___cinit__                            
0     00081098  cinit                                 
1     00000b00  _AdcaResultRegs                       
1     00000b20  _AdcbResultRegs                       
1     00000b40  _AdccResultRegs                       
1     00000b60  _AdcdResultRegs                       
1     00000c00  _CpuTimer0Regs                        
1     00000c08  _CpuTimer1Regs                        
1     00000c10  _CpuTimer2Regs                        
1     00000ce0  _PieCtrlRegs                          
1     00000d00  _PieVectTable                         
1     00001000  _DmaRegs                              
1     00001400  _Cla1Regs                             
1     00003000  _Clb1LogicCfgRegs                     
1     00003100  _Clb1LogicCtrlRegs                    
1     00003200  _Clb1DataExchRegs                     
1     00003400  _Clb2LogicCfgRegs                     
1     00003500  _Clb2LogicCtrlRegs                    
1     00003600  _Clb2DataExchRegs                     
1     00003800  _Clb3LogicCfgRegs                     
1     00003900  _Clb3LogicCtrlRegs                    
1     00003a00  _Clb3DataExchRegs                     
1     00003c00  _Clb4LogicCfgRegs                     
1     00003d00  _Clb4LogicCtrlRegs                    
1     00003e00  _Clb4DataExchRegs                     
1     00004000  _EPwm1Regs                            
1     00004100  _EPwm2Regs                            
1     00004200  _EPwm3Regs                            
1     00004300  _EPwm4Regs                            
1     00004400  _EPwm5Regs                            
1     00004500  _EPwm6Regs                            
1     00004600  _EPwm7Regs                            
1     00004700  _EPwm8Regs                            
1     00004800  _EPwm9Regs                            
1     00004900  _EPwm10Regs                           
1     00004a00  _EPwm11Regs                           
1     00004b00  _EPwm12Regs                           
1     00005000  _ECap1Regs                            
1     00005020  _ECap2Regs                            
1     00005040  _ECap3Regs                            
1     00005060  _ECap4Regs                            
1     00005080  _ECap5Regs                            
1     000050a0  _ECap6Regs                            
1     00005100  _EQep1Regs                            
1     00005140  _EQep2Regs                            
1     00005180  _EQep3Regs                            
1     00005c00  _DacaRegs                             
1     00005c10  _DacbRegs                             
1     00005c20  _DaccRegs                             
1     00005c80  _Cmpss1Regs                           
1     00005ca0  _Cmpss2Regs                           
1     00005cc0  _Cmpss3Regs                           
1     00005ce0  _Cmpss4Regs                           
1     00005d00  _Cmpss5Regs                           
1     00005d20  _Cmpss6Regs                           
1     00005d40  _Cmpss7Regs                           
1     00005d60  _Cmpss8Regs                           
1     00005e00  _Sdfm1Regs                            
1     00005e80  _Sdfm2Regs                            
1     00006000  _McbspaRegs                           
1     00006040  _McbspbRegs                           
1     00006100  _SpiaRegs                             
1     00006110  _SpibRegs                             
1     00006120  _SpicRegs                             
1     00006200  _UppRegs                              
1     00007000  _WdRegs                               
1     00007060  _NmiIntruptRegs                       
1     00007070  _XintRegs                             
1     00007200  _SciaRegs                             
1     00007210  _ScibRegs                             
1     00007220  _ScicRegs                             
1     00007230  _ScidRegs                             
1     00007300  _I2caRegs                             
1     00007340  _I2cbRegs                             
1     00007400  _AdcaRegs                             
1     00007480  _AdcbRegs                             
1     00007500  _AdccRegs                             
1     00007580  _AdcdRegs                             
1     00007900  _InputXbarRegs                        
1     00007920  _XbarRegs                             
1     00007940  _SyncSocRegs                          
1     00007980  _DmaClaSrcSelRegs                     
1     00007a00  _EPwmXbarRegs                         
1     00007a40  _ClbXbarRegs                          
1     00007a80  _OutputXbarRegs                       
1     00007c00  _GpioCtrlRegs                         
1     00007f00  _GpioDataRegs                         
1     0000b000  __stack                               
1     0000b3f8  __STACK_END                           
1     0000c000  ___TI_enable_exit_profile_output      
1     0000c002  ___TI_cleanup_ptr                     
1     0000c004  ___TI_dtors_ptr                       
1     0000c006  __lock                                
1     0000c008  __unlock                              
1     00047000  _Emif1Regs                            
1     00047800  _Emif2Regs                            
1     00048000  _CanaRegs                             
1     0004a000  _CanbRegs                             
1     00050000  _IpcRegs                              
1     00050024  _FlashPumpSemaphoreRegs               
1     0005d000  _DevCfgRegs                           
1     0005d180  _AnalogSubsysRegs                     
1     0005d200  _ClkCfgRegs                           
1     0005d300  _CpuSysRegs                           
1     0005e608  _RomPrefetchRegs                      
1     0005f000  _DcsmZ1Regs                           
1     0005f040  _DcsmZ2Regs                           
1     0005f070  _DcsmCommonRegs                       
1     0005f400  _MemCfgRegs                           
1     0005f480  _Emif1ConfigRegs                      
1     0005f4a0  _Emif2ConfigRegs                      
1     0005f4c0  _AccessProtectionRegs                 
1     0005f500  _MemoryErrorRegs                      
1     0005f540  _RomWaitStateRegs                     
1     0005f800  _Flash0CtrlRegs                       
1     0005fb00  _Flash0EccRegs                        
abs   0000003b  _RamfuncsLoadSize                     
abs   0000003b  _RamfuncsRunSize                      
abs   000003f8  __STACK_SIZE                          
abs   ffffffff  .text                                 
abs   ffffffff  ___TI_pprof_out_hndl                  
abs   ffffffff  ___TI_prof_data_size                  
abs   ffffffff  ___TI_prof_data_start                 
abs   ffffffff  ___binit__                            
abs   ffffffff  ___c_args__                           
abs   ffffffff  ___etext__                            
abs   ffffffff  ___pinit__                            
abs   ffffffff  ___text__                             
abs   ffffffff  binit                                 
abs   ffffffff  etext                                 
abs   ffffffff  pinit                                 

[336 symbols]
